$ '/home/jinseo/duo/lemipc/portfolio_audit/bin/ipc_probe' 'cleanup'
returncode=0
stdout:
{"removed":{"shm":false,"sem":false,"msg":false}}
SPAWN '/home/jinseo/duo/lemipc/lemipc' '0'
pid=23
SPAWN '/home/jinseo/duo/lemipc/lemipc' '1'
pid=24
reached two concurrently admitted players
{"board": "00A000000000000000000000000000000000000000000000000000000000000000000000000000000000000000000000000B", "cells": {"A": 1, "B": 1, "empty": 98, "other": 0}, "key": 1093337089, "mid": 45, "msg": true, "nattch": 4, "players": 2, "qid": 39, "qnum": 2, "sem": true, "semval": 1, "shm": true, "sid": 39, "state": 12, "teams": [1, 1]}
signal SIGINT -> pid=23
pid=23 returncode=0
pid=24 returncode=0
reached all IPC absent
{"key": 1093337089, "mid": -1, "msg": false, "nattch": 0, "qid": -1, "qnum": 0, "sem": false, "semval": -1, "shm": false, "sid": -1}
pid=23 returncode=0
pid=24 returncode=0
$ '/home/jinseo/duo/lemipc/portfolio_audit/bin/ipc_probe' 'cleanup'
returncode=0
stdout:
{"removed":{"shm":false,"sem":false,"msg":false}}
